Kobo app simulator: http://127.0.0.1:44941
Synchronized 2 Nonograms puzzles.
drive: every step passed; screenshots in /downloads/nonograms-side-by-side
shot /downloads/nonograms-side-by-side/01-cli-imported-two.png
drive: every step passed; screenshots in /downloads/nonograms-side-by-side
drive: every step passed; screenshots in /downloads/nonograms-side-by-side
drive: every step passed; screenshots in /downloads/nonograms-side-by-side
drive: every step passed; screenshots in /downloads/nonograms-side-by-side
shot /downloads/nonograms-side-by-side/02-cli-named-shelf.png
drive: every step passed; screenshots in /downloads/nonograms-side-by-side
Synchronized 1 Nonograms puzzle.
drive: every step passed; screenshots in /downloads/nonograms-side-by-side
shot /downloads/nonograms-side-by-side/03-cli-synced-one.png
drive: every step passed; screenshots in /downloads/nonograms-side-by-side
drive: every step passed; screenshots in /downloads/nonograms-side-by-side
drive: every step passed; screenshots in /downloads/nonograms-side-by-side
drive: every step passed; screenshots in /downloads/nonograms-side-by-side
drive: every step passed; screenshots in /downloads/nonograms-side-by-side
drive: every step passed; screenshots in /downloads/nonograms-side-by-side
drive: every step passed; screenshots in /downloads/nonograms-side-by-side
drive: every step passed; screenshots in /downloads/nonograms-side-by-side
drive: every step passed; screenshots in /downloads/nonograms-side-by-side
drive: every step passed; screenshots in /downloads/nonograms-side-by-side
drive: every step passed; screenshots in /downloads/nonograms-side-by-side
drive: every step passed; screenshots in /downloads/nonograms-side-by-side
drive: every step passed; screenshots in /downloads/nonograms-side-by-side
drive: every step passed; screenshots in /downloads/nonograms-side-by-side
drive: every step passed; screenshots in /downloads/nonograms-side-by-side
drive: every step passed; screenshots in /downloads/nonograms-side-by-side
drive: every step passed; screenshots in /downloads/nonograms-side-by-side
drive: every step passed; screenshots in /downloads/nonograms-side-by-side
drive: every step passed; screenshots in /downloads/nonograms-side-by-side
drive: every step passed; screenshots in /downloads/nonograms-side-by-side
drive: every step passed; screenshots in /downloads/nonograms-side-by-side
drive: every step passed; screenshots in /downloads/nonograms-side-by-side
drive: every step passed; screenshots in /downloads/nonograms-side-by-side
drive: every step passed; screenshots in /downloads/nonograms-side-by-side
drive: every step passed; screenshots in /downloads/nonograms-side-by-side
drive: every step passed; screenshots in /downloads/nonograms-side-by-side
drive: every step passed; screenshots in /downloads/nonograms-side-by-side
drive: every step passed; screenshots in /downloads/nonograms-side-by-side
drive: every step passed; screenshots in /downloads/nonograms-side-by-side
drive: every step passed; screenshots in /downloads/nonograms-side-by-side
drive: every step passed; screenshots in /downloads/nonograms-side-by-side
shot /downloads/nonograms-side-by-side/04-cli-one-remains.png
drive: every step passed; screenshots in /downloads/nonograms-side-by-side
